Resolving dependencies...
Downloading packages...
  hooks 2.0.2 (2.1.0 available)
  intl 0.20.2 (0.20.3 available)
  matcher 0.12.19 (0.12.20 available)
  meta 1.18.0 (1.19.0 available)
  package_config 2.2.0 (3.0.0 available)
  record_use 0.6.0 (1.0.0 available)
  test_api 0.7.11 (0.7.13 available)
  vector_math 2.2.0 (2.4.1 available)
Got dependencies!
8 packages have newer versions incompatible with dependency constraints.
Try `flutter pub outdated` for more information.
Launching lib\main.dart on Web Server in release mode...
The --pwa-strategy option is deprecated and will be removed in a future Flutter release.
For more information, see: https://github.com/flutter/flutter/issues/156910
Compiling lib\main.dart for the Web...                            294.7s
√ Built build\web
lib\main.dart is being served at http://127.0.0.1:7399
The web-server device requires the Dart Debug Chrome extension for debugging. Consider using the Chrome or Edge devices for an improved development workflow.

Flutter run key commands.
r Hot reload. 
h List all available interactive commands.
d Detach (terminate "flutter run" but leave application running).
c Clear the screen
q Quit (terminate the application on the device).

