START Wed 07/22/2026  0:57:43.41 
Resolving dependencies...
Downloading packages...
  flutter_dotenv 5.2.1 (6.0.1 available)
  hooks 2.0.2 (2.1.0 available)
  matcher 0.12.19 (0.12.20 available)
  meta 1.18.0 (1.19.0 available)
  package_config 2.2.0 (3.0.0 available)
  passkeys_platform_interface 2.8.0 (2.9.0 available)
  record_use 0.6.0 (1.0.0 available)
  test_api 0.7.11 (0.7.13 available)
  vector_math 2.2.0 (2.4.0 available)
  xml 6.6.1 (7.0.1 available)
Got dependencies!
10 packages have newer versions incompatible with dependency constraints.
Try `flutter pub outdated` for more information.
Launching lib\main.dart on Web Server in debug mode...
Failed to bind web development server:
SocketException: Failed to create server socket (OS Error: Only one usage of each socket address (protocol/network address/port) is normally permitted, errno = 10048), address = 127.0.0.1, port = 8080
#0      _NativeSocket.bind (dart:io-patch/socket_patch.dart:1216:7)
<asynchronous suspension>
#1      _RawServerSocket.bind.<anonymous closure> (dart:io-patch/socket_patch.dart:2163:12)
<asynchronous suspension>
#2      _ServerSocket.bind.<anonymous closure> (dart:io-patch/socket_patch.dart:2483:12)
<asynchronous suspension>
#3      _HttpServer.bind.<anonymous closure> (dart:_http/http_impl.dart:3476:24)
<asynchronous suspension>
#4      WebAssetServer.start (package:flutter_tools/src/isolated/web_asset_server.dart:241:24)
<asynchronous suspension>
#5      WebDevFS.create (package:flutter_tools/src/isolated/devfs_web.dart:205:22)
<asynchronous suspension>
#6      ResidentWebRunner.run.<anonymous closure> (package:flutter_tools/src/isolated/resident_web_runner.dart:324:19)
<asynchronous suspension>
#7      asyncGuard.<anonymous closure> (package:flutter_tools/src/base/async_guard.dart:108:24)
<asynchronous suspension>

Failed to bind web development server:
SocketException: Failed to create server socket (OS Error: Only one usage of each socket address (protocol/network address/port) is normally permitted, errno = 10048), address = 127.0.0.1, port = 8080
